// Jest Snapshot v1, https://goo.gl/fbAQLP

exports[`Card component renders Card 1`] = `
<div>
  <figure />
</div>
`;
